// Jest Snapshot v1, https://goo.gl/fbAQLP

exports[`matches snapshot 1`] = `
<DocumentFragment>
  <div>
    <p>
      Count: 0
    </p>
    <button
      class="increment-button"
    >
      Increment
    </button>
  </div>
</DocumentFragment>
`;
